// Jest Snapshot v1, https://goo.gl/fbAQLP

exports[`Testing <App /> Should render the initial content 1`] = `
<div>
  <div
    class="container"
  >
    <aside
      class="search__form-container"
    >
      <form
        class="search__form"
      >
        <h1
          class="search__form-title"
        >
          Search github user(s)
        </h1>
        <input
          class="search__form-input"
          type="text"
          value=""
        />
        <div
          class="search__form-btns__container"
        >
          <button
            class="search__form-btn"
            type="submit"
          >
            Submit
          </button>
          <button
            class="search__form-btn"
          >
            Clear Filter
          </button>
        </div>
      </form>
    </aside>
    <div>
      <div
        class="results__message"
      >
        <h2>
          GitHub User Search App
        </h2>
        <img
          alt="Team"
          draggable="false"
          src="team.svg"
        />
      </div>
    </div>
  </div>
</div>
`;

exports[`Testing <App /> should show results when the input field is changed and the button is clicked 1`] = `
<div>
  <div
    class="container"
  >
    <aside
      class="search__form-container"
    >
      <form
        class="search__form"
      >
        <h1
          class="search__form-title"
        >
          Search github user(s)
        </h1>
        <input
          class="search__form-input"
          type="text"
          value="pedro"
        />
        <div
          class="search__form-btns__container"
        >
          <button
            class="search__form-btn"
            type="submit"
          >
            Submit
          </button>
          <button
            class="search__form-btn"
          >
            Clear Filter
          </button>
        </div>
      </form>
    </aside>
    <div>
      <select
        class="results__sort"
      >
        <option
          disabled=""
          value=""
        >
          --Choose an option
        </option>
        <option
          value="best match"
        >
          Best Match
        </option>
        <option
          value="followers"
        >
          Followers
        </option>
        <option
          value="repositories"
        >
          Repositories
        </option>
        <option
          value="joined"
        >
          Joined
        </option>
      </select>
      <ul
        class="results__list"
      >
        <li
          class="results__list-item"
        >
          <img
            alt="pedro"
            class="results__list-item-image"
            draggable="false"
            src="https://avatars.githubusercontent.com/u/2248?v=4"
          />
          <strong
            class="results__list-item-login"
          >
            pedro
          </strong>
          <span
            class="results__list-item-type"
          >
            User
          </span>
        </li>
        <li
          class="results__list-item"
        >
          <img
            alt="pedrovgs"
            class="results__list-item-image"
            draggable="false"
            src="https://avatars.githubusercontent.com/u/4030704?v=4"
          />
          <strong
            class="results__list-item-login"
          >
            pedrovgs
          </strong>
          <span
            class="results__list-item-type"
          >
            User
          </span>
        </li>
        <li
          class="results__list-item"
        >
          <img
            alt="pedronauck"
            class="results__list-item-image"
            draggable="false"
            src="https://avatars.githubusercontent.com/u/2029172?v=4"
          />
          <strong
            class="results__list-item-login"
          >
            pedronauck
          </strong>
          <span
            class="results__list-item-type"
          >
            User
          </span>
        </li>
        <li
          class="results__list-item"
        >
          <img
            alt="pedromassango"
            class="results__list-item-image"
            draggable="false"
            src="https://avatars.githubusercontent.com/u/33294549?v=4"
          />
          <strong
            class="results__list-item-login"
          >
            pedromassango
          </strong>
          <span
            class="results__list-item-type"
          >
            User
          </span>
        </li>
        <li
          class="results__list-item"
        >
          <img
            alt="pedrouid"
            class="results__list-item-image"
            draggable="false"
            src="https://avatars.githubusercontent.com/u/10136079?v=4"
          />
          <strong
            class="results__list-item-login"
          >
            pedrouid
          </strong>
          <span
            class="results__list-item-type"
          >
            User
          </span>
        </li>
        <li
          class="results__list-item"
        >
          <img
            alt="Pedromdsn"
            class="results__list-item-image"
            draggable="false"
            src="https://avatars.githubusercontent.com/u/57453260?v=4"
          />
          <strong
            class="results__list-item-login"
          >
            Pedromdsn
          </strong>
          <span
            class="results__list-item-type"
          >
            User
          </span>
        </li>
        <li
          class="results__list-item"
        >
          <img
            alt="pedroslopez"
            class="results__list-item-image"
            draggable="false"
            src="https://avatars.githubusercontent.com/u/4368928?v=4"
          />
          <strong
            class="results__list-item-login"
          >
            pedroslopez
          </strong>
          <span
            class="results__list-item-type"
          >
            User
          </span>
        </li>
        <li
          class="results__list-item"
        >
          <img
            alt="pedromarins"
            class="results__list-item-image"
            draggable="false"
            src="https://avatars.githubusercontent.com/u/215004?v=4"
          />
          <strong
            class="results__list-item-login"
          >
            pedromarins
          </strong>
          <span
            class="results__list-item-type"
          >
            User
          </span>
        </li>
        <li
          class="results__list-item"
        >
          <img
            alt="pedrualves"
            class="results__list-item-image"
            draggable="false"
            src="https://avatars.githubusercontent.com/u/1184178?v=4"
          />
          <strong
            class="results__list-item-login"
          >
            pedrualves
          </strong>
          <span
            class="results__list-item-type"
          >
            User
          </span>
        </li>
      </ul>
      <div
        class="buttons__container"
      >
        <button
          disabled=""
          style="border-radius: 5px 0 0 5px;"
        >
          «
        </button>
        <button
          data-testid="1"
          disabled=""
        >
          1
        </button>
        <button
          data-testid="2"
        >
          2
        </button>
        <button
          data-testid="3"
        >
          3
        </button>
        <button
          data-testid="4"
        >
          4
        </button>
        <button
          data-testid="5"
        >
          5
        </button>
        <button
          data-testid="6"
        >
          6
        </button>
        <button
          data-testid="7"
        >
          7
        </button>
        <button
          data-testid="8"
        >
          8
        </button>
        <button
          data-testid="9"
        >
          9
        </button>
        <button
          style="border-radius: 0 5px 5px 0;"
        >
          »
        </button>
      </div>
    </div>
  </div>
</div>
`;
