// Jest Snapshot v1, https://goo.gl/fbAQLP

exports[`Testing <Search /> should show the initial screen 1`] = `
<div>
  <aside
    class="search__form-container"
  >
    <form
      class="search__form"
    >
      <h1
        class="search__form-title"
      >
        Search github user(s)
      </h1>
      <input
        class="search__form-input"
        type="text"
        value=""
      />
      <div
        class="search__form-btns__container"
      >
        <button
          class="search__form-btn"
          type="submit"
        >
          Submit
        </button>
        <button
          class="search__form-btn"
        >
          Clear Filter
        </button>
      </div>
    </form>
  </aside>
</div>
`;
